Golden Retriever là giống chó được lai tạo đầu tiên tại các hòn đảo Anh Quốc, có kích thước trung bình. Thuộc họ nhà chó ưa hoạt động, chơi đùa, chúng rất trung thành và thông minh. Chúng còn có tên gọi khác là chó săn mồi hoặc chó tha mồi.
Đây là giống chó có bộ lông màu từ vàng kem đến vàng nâu (màu đỏ không được công nhận). Chúng có cái đầu to, mõm hơi vát nhưng kèm với bộ hàm rộng và rất khỏe cùng với hàm răng sắc bén, mũi có màu đen, mắt biểu cảm màu nâu với viền sẫm, đôi tai cỡ nhỡ, cụp; cổ dài, khỏe và khá cơ bắp, ngực rộng; đuôi dài và không bao giờ cong.

Golden Retriever là loài chó có bản năng truy tìm và phát hiện con mồi rất nhạy bén nên có thể làm chó đặc vụ để dò tìm ma túy,... Đặc điểm chung của loài này là rất hiền lạnh và thông minh, trung thành và thích chơi đùa. Ngoài ra, một trong những ưu điểm nữa của giống chó này là luôn mong muốn làm hài lòng chủ nhân, khả năng học hỏi và tình yêu con người đã biến chúng trở thành những người giúp việc tận tụy cho người mù và những người tàn tật khác.